I'm sorry, but errors were detected in your script. Please correct the
errors listed below, and try again.


File "game/fuctions.rpy", line 2279: invalid syntax
            girl["rules_explain"]["behave_alarm"] += "[all_girls_list[girl_index]["name"]] enters your room in the morning and wakes you up with a blowjob."
                                                                                    ^

Ren'Py Version: Ren'Py 8.3.7.25031702
Mon Sep  8 14:05:12 2025
